// Jest Snapshot v1, https://goo.gl/fbAQLP

exports[`Claim comments returns flattened comments 1`] = `
{
  "comments": [
    {
      "created_at": "2024-01-01",
      "depth": 0,
      "id": 1,
      "parent_id": null,
      "text": "top",
    },
    {
      "created_at": "2024-01-02",
      "depth": 1,
      "id": 2,
      "parent_id": 1,
      "text": "reply",
    },
  ],
}
`;
